acquisition-gafa
activations/approximation
activations/relu
activations/sigmoid
activations/tanh
adn-big-data
adn-data
airport-lie-detection
alphazero
amazon-ai
amazon-ai-favor-men
amazon-mechanical-turc
anaconda_logo
arxiv_logo
aws-logo
azure-logo
baby-sitter-reliable
bad-rabbit
barplot
batch-size-effect
bayesian-net
bidirectional-rnn
big-data-documents
biological-neuron
bras-bioniques
caltech256
chine-musulmans-traque
chine-orwell
chine-reco-face-fail
chinese-street-surveillance
citation-nips-2005-2016
citation-nips-2005-2016-team
citrix-logo
cnil-logo
cnn-schema
confusion-matrix
convolution
corrmat
countplot
cv
cyclegan
cylance
darpa-urban-challenge
data-augmentation
data-science
data-scientist-star
decision-tree-2
deep-auto-encoder
deepinstinct-2
deepmind-energy-consumption
distplot
dropout-2
early-stopping
echec
esante-landscape
esante-solutions
fit
foldit
gan-faux-visages
gan-horse-zebra
gan-schema
gan-zebra-horse
gaussian-mixture-univariate
gay-or-not
gcloud-logo
github_logo
google-ceo-congress
gpu-fun
gradient
gradient-clipping
graph-oriented
gru
hadoop-logo
ia-ml-deep
ibm-logo
ibm-watson-struct
iktos-drug-design
imagenet
it-ai
jeopardy-watson
jt-chine
jupyter_logo
kaggle-logo
lda
learning-curve
learning-rate-big-small
lstm-schema
lunettes-pour-aveugle
Machine-Learning-Cybersécurité
markov/hmm
markov/simple
minorit-report
ml-craftmanship
ml-effort-vs-value
ml-illustration
mnist
molecule-release
ms-azure
ms-azure2
ms-celeb
ms-coco
multi-task-v2
neural-networks/deep-ff
neural-networks/deep-ff-notext
neural-networks/one-hidden-layer-ff
neural-networks/shallow-ff
neuron-model
nn-rnn-comparaison
nvidia-stock-history
oeil-coupe
openai-gpt2-example
openimage
overfitting
over-underfitting
ovh-logo
pairplot
pca-fish
pca-nuage
pooling
precisionrecall
python_logo
qqplot
random-forest-full
regression-1
regression-10
regression-2
regression-3
regression-4
regression-5
regression-6
regression-7
regression-8
regression-9
regression-error
regression-hyperplan
regression-line-1
regression-polynomiale-exemple
regression-tree
residuals-1
residuals-2
rgpd
rnns/alloutputs
rnns/lastoutput
rnns/seq2seq
rnn-unfold
robot-chirurgien
robotdoc
roc
roc-space
sablier-windows
scatter
separable-problem-linear
separable-problem-linear-solution
separable-problem-linear-solution-bad
separable-problem-linear-svm
separable-problem-nonlinear
separable-problem-nonlinear-kernelsvm
separable-problem-nonlinear-solution
spaghetti
spark-logo
streetviewdataset
svm-schema
universal-approximation
vanishing-gradient3
vanishing-gradient-lstm
vanishing-gradient-rnn
variables
violinplot
visual-cortex
visual-qa
vs-intellicode-2
watson-personality-insight
windows-defender
xkcd-easy-impossible
xor
zao-deepfake
