- ["Logo of Apple Inc.", "Rob Janoff", "Public Domain", "", "apple"]
- ["", "", "", "TODO", "acquisition-gafa"]
- ["", "", "", "TODO", "adn-big-data"]
- ["", "", "", "TODO", "adn-data"]
- ["", "", "", "TODO", "airport-lie-detection"]
- ["", "", "", "TODO", "alphazero"]
- ["", "", "", "TODO", "amazon-ai"]
- ["Amazon favorise l'embauche des hommes", "", "", "DELETE", "amazon-ai-favor-men"]
- ["AMAZON MECHANICAL TURK", "", "", "DELETE", "amazon-mechanical-turc"]
- ["ANACONDA", "", "", "DELETE", "anaconda_logo"]
- ["ArXiv Logo", "Cornell University", "Public Domain", "", "arxiv_logo"]
- ["AWS", "", "", "DELETE", "aws-logo"]
- ["Microsoft Azure Logo", "Microsoft Corporation", "Public Domain", "", "azure-logo"]
- ["", "", "", "TODO", "baby-sitter-reliable"]
- ["BAD RABBIT", "", "", "DELETE", "bad-rabbit"]
- ["", "", "", "TODO", "barplot"]
- ["", "", "", "TODO", "batch-size-effect"]
- ["", "", "", "TODO", "bayesian-net"]
- ["", "", "", "TODO", "bidirectional-rnn"]
- ["Blei, D. M. (2012) Probabilistic topic models", "", "", "", "big-data-documents"]
- ["Neuron and myelinated axon, with signal flow", "Prof. Loc Vu-Quoc", "CC BY-SA 4.0", "biological-neuron-arrow", "biological-neuron"]
- ["Bras Bioniques", "", "", "DELETE", "bras-bioniques"]
- [" The Caltech 256", "Griffin, G. Holub, AD. Perona, P.", "", "", "caltech256"]
- ["La chine traque ses musulmans", "", "", "DELETE", "chine-musulmans-traque"]
- ["", "", "", "TODO", "chine-orwell"]
- ["", "", "", "TODO", "chine-reco-face-fail"]
- ["", "", "", "TODO", "chinese-street-surveillance"]
- ["", "", "", "TODO", "citation-nips-2005-2016"]
- ["", "", "", "TODO", "citation-nips-2005-2016-team"]
- ["Citrix Logo", "CoolKid1993", "Public Domain", "", "citrix-logo"]
- ["CNIL", "", "", "DELETE", "cnil-logo"]
- ["typical CNN architecture", "Aphex34", "CC BY-SA 4.0", "", "cnn-schema"]
- ["", "", "", "TODO", "confusion-matrix"]
- ["", "", "", "TODO", "convolution"]
- ["", "", "", "TODO", "corrmat"]
- ["", "", "", "TODO", "countplot"]
- ["K-Fold Cross Validation", "Gufosowa", "CC BY-SA 4.0", "", "cv"]
- ["Unpaired Image-to-Image Translationusing Cycle-Consistent Adversarial Networks", "un-Yan Zhu∗Taesung et al., UC Berkeley", "ArXiv", "", "cyclegan"]
- ["CYLANCE", "", "", "DELETE", "cylance"]
- ["Logo of DARPA Launch Challenge", "DARPA", "Public Domain", "darpa-launch-challenge", "darpa-urban-challenge"]
- ["", "", "", "TODO", "data-augmentation"]
- ["", "", "", "TODO", "data-science"]
- ["Alexandre Robicquet, chercheur en intelligence artificielle, est l'égérie d'un parfum d'Yves Saint Laurent.", "Yves Saint Laurent", "", "DELETE", "data-scientist-star"]
- ["", "", "", "TODO", "decision-tree-2"]
- ["", "", "", "TODO", "deep-auto-encoder"]
- ["DEEPINSTINCT", "", "", "DELETE", "deepinstinct-2"]
- ["https://deepmind.com/blog/article/deepmind-ai-reduces-google-data-centre-cooling-bill-40", "Google", "", "", "deepmind-energy-consumption"]
- ["", "", "", "TODO", "distplot"]
- ["", "", "", "TODO", "dropout-2"]
- ["", "", "", "TODO", "early-stopping"]
- ["", "", "", "TODO", "echec"]
- ["", "", "", "TODO", "esante-landscape"]
- ["", "", "", "TODO", "esante-solutions"]
- ["", "", "", "TODO", "fit"]
- ["Screenshot du jeu Foldit", "Animation Research Labs, University of Washington.", "CC-BY-SA-3.0-DE", "foldit_screenshot", "foldit"]
- ["Conditional generative adversarial nets for convolutional face generation", "Jon Gauthier, Stanford University", "foldl.me", "gan-faux-visages-2", "gan-faux-visages"]
- ["Unpaired Image-to-Image Translationusing Cycle-Consistent Adversarial Networks", "un-Yan Zhu∗Taesung et al., UC Berkeley", "ArXiv", "", "gan-horse-zebra"]
- ["Unpaired Image-to-Image Translationusing Cycle-Consistent Adversarial Networks", "un-Yan Zhu∗Taesung et al., UC Berkeley", "ArXiv", "", "gan-schema"]
- ["Unpaired Image-to-Image Translationusing Cycle-Consistent Adversarial Networks", "un-Yan Zhu∗Taesung et al., UC Berkeley", "ArXiv", "", "gan-zebra-horse"]
- ["", "", "", "TODO", "gaussian-mixture-univariate"]
- ["Deep neural networks are more accurate than humans at detecting sexual orientation from facial images", "", "psyarxiv.com", "Y. Wang, M. Kosinski", "gay-or-not"]
- ["GOOGLE Cloud", "", "", "google", "gcloud-logo"]
- ["GitHub Logo", "GitHub", "MIT", "", "github_logo"]
- ["", "", "", "TODO", "google-ceo-congress"]
- ["", "", "", "TODO", "gpu-fun"]
- ["", "", "", "TODO", "gradient"]
- ["", "", "", "TODO", "gradient-clipping"]
- ["", "", "", "TODO", "graph-oriented"]
- ["", "", "", "TODO", "gru"]
- ["Haddo Logo", "Apache Software Foundation", "Apache License, Version 2.0", "", "hadoop-logo"]
- ["", "", "", "TODO", "ia-ml-deep"]
- ["IBM Logo", "Paul Rand", "Public Domain", "", "ibm-logo"]
- ["", "", "", "TODO", "ibm-watson-struct"]
- ["", "", "", "TODO", "iktos-drug-design"]
- ["", "", "BSD-3-Clause", "TODO", "imagenet"]
- ["", "", "", "TODO", "it-ai"]
- ["", "", "", "TODO", "jeopardy-watson"]
- ["", "", "", "TODO", "jt-chine"]
- ["The logo representing Project Jupyter", "Cameron Oelsen", "BSD", "", "jupyter_logo"]
- ["Kaggle Logo", "Kaggle", "Public Domain", "", "kaggle-logo"]
- ["", "", "", "TODO", "lda"]
- ["", "", "", "TODO", "learning-curve"]
- ["", "", "", "TODO", "learning-rate-big-small"]
- ["", "", "", "TODO", "lstm-schema"]
- ["Lunettes pour aveugle", "", "", "DELETE", "lunettes-pour-aveugle"]
- ["", "", "", "TODO", "Machine-Learning-Cybersécurité"]
- ["Minority Report", "", "", "DELETE", "minorit-report"]
- ["", "", "", "TODO", "ml-craftmanship"]
- ["", "", "", "TODO", "ml-effort-vs-value"]
- ["", "", "", "TODO", "ml-illustration"]
- ["THE MNIST DATABASE", "LeCun, Yann", "yann.lecun.com", "", "mnist"]
- ["", "", "", "TODO", "molecule-release"]
- ["", "", "", "TODO", "ms-azure"]
- ["", "", "", "TODO", "ms-azure2"]
- ["", "", "", "TODO", "ms-celeb"]
- ["", "", "", "TODO", "ms-coco"]
- ["", "", "", "TODO", "multi-task-v2"]
- ["", "", "tickz", "TODO", "neuron-model"]
- ["", "", "tickz", "TODO", "nn-rnn-comparaison"]
- ["", "", "refaire courbe", "TODO", "nvidia-stock-history"]
- ["", "", "", "TODO", "oeil-coupe"]
- ["", "", "generate text from ipynb", "TODO", "openai-gpt2-example"]
- ["Annotated images from the Open Images dataset.", "Left: FAMILY MAKING A SNOWMAN by mwvchamber. Right: STANZA STUDENTI.S.S. ANNUNZIATA by ersupalermo", "CC BY 2.0", "", "openimage"]
- ["", "", "", "TODO", "overfitting"]
- ["", "", "", "TODO", "over-underfitting"]
- ["OVH", "", "", "DELETE", "ovh-logo"]
- ["", "", "", "TODO", "pairplot"]
- ["Principle Component Analysis on an image of a fish.", "https://fr.wikipedia.org/wiki/Utilisateur:Lehalle", "CC BY-SA 2.5", "", "pca-fish"]
- ["A scatter plot of samples that are distributed according a multivariate (bivariate) Gaussian distribution centered at (1,3) with a standard deviation of 3 in the (0.866, 0.5) direction and of 1 in the orthogonal direction. The directions represent the Principal Components (PC) associated with the distribution.", "https://commons.wikimedia.org/wiki/User:Nicoguaro", "CC BY 4.0", "", "pca-nuage"]
- ["", "", "", "TODO", "pooling"]
- ["Precision and recall", "https://commons.wikimedia.org/wiki/User:Walber", "CC BY-SA 4.0", "", "precisionrecall"]
- ["PYTHON", "", "", "DELETE", "python_logo"]
- ["", "", "", "TODO", "qqplot"]
- ["Random forest model", "Gustavo Machado et al., North Carolina State University", "CC BY-SA 4.0", "", "random-forest-full"]
- ["", "Mougard H, Giraud F-M", "CC BY-SA 4.0", "TODO", "regression-hyperplan"]
- ["", "Mougard H, Giraud F-M", "CC BY-SA 4.0", "TODO", "regression-line-1"]
- ["", "Mougard H, Giraud F-M", "CC BY-SA 4.0", "TODO", "regression-polynomiale-exemple"]
- ["", "Mougard H, Giraud F-M", "CC BY-SA 4.0", "TODO", "regression-tree"]
- ["", "Mougard H, Giraud F-M", "CC BY-SA 4.0", "TODO", "residuals-1"]
- ["", "Mougard H, Giraud F-M", "CC BY-SA 4.0", "TODO", "residuals-2"]
- ["RGPD", "", "", "DELETE", "rgpd"]
- ["", "", "", "TODO", "robot-chirurgien"]
- ["", "", "", "TODO", "robotdoc"]
- ["", "", "", "TODO", "roc"]
- ["", "", "CC BY-SA 4.0", "TODO", "roc-space"]
- ["", "", "CC BY-SA 4.0", "TODO", "sablier-windows"]
- ["", "seaborn", "CC BY-SA 4.0", "TODO", "scatter"]
- ["", "matplotlib ?", "CC BY-SA 4.0", "TODO", "separable-problem-linear"]
- ["", "matplotlib ?", "CC BY-SA 4.0", "TODO", "separable-problem-linear-solution"]
- ["", "matplotlib ?", "CC BY-SA 4.0", "TODO", "separable-problem-linear-solution-bad"]
- ["", "matplotlib ?", "CC BY-SA 4.0", "TODO", "separable-problem-linear-svm"]
- ["", "matplotlib ?", "CC BY-SA 4.0", "TODO", "separable-problem-nonlinear"]
- ["", "matplotlib ?", "CC BY-SA 4.0", "TODO", "separable-problem-nonlinear-kernelsvm"]
- ["", "matplotlib ?", "CC BY-SA 4.0", "TODO", "separable-problem-nonlinear-solution"]
- ["", "au boulot", "CC BY-SA 4.0", "TODO", "spaghetti"]
- ["Logo of Apache Spark", "Apache software foundation", "Apache License, Version 2.0", "", "spark-logo"]
- ["The Street View House Numbers (SVHN) Dataset", "Stanford", "http://ufldl.stanford.edu", "", "streetviewdataset"]
- ["", "matplotlib ?", "CC BY-SA 4.0", "TODO", "svm-schema"]
- ["", "", "matplotlib", "TODO", "universal-approximation"]
- ["", "", "tikz", "TODO", "vanishing-gradient3"]
- ["", "", "tikz", "TODO", "vanishing-gradient-lstm"]
- ["", "", "tikz", "TODO", "vanishing-gradient-rnn"]
- ["", "", "tikz", "TODO", "variables"]
- ["", "", "seaborn", "TODO", "violinplot"]
- ["", "", "", "TODO", "visual-cortex"]
- ["Le dataset VQA", "visualqa.org", "CC BY-SA 4.0", "", "visual-qa"]
- ["", "", "", "TODO", "vs-intellicode-2"]
- ["", "", "", "TODO", "watson-personality-insight"]
- ["Windows Defender Logo", "Microsoft", "Public Domain", "", "windows-defender"]
- ["", "", "", "TODO", "xkcd-easy-impossible"]
- ["", "", "matplotlib", "TODO", "xor"]
- ["", "", "", "TODO", "zao-deepfake"]
- ["BAIDU", "", "", "DELETE", "Baidu"]
- ["Facebook Logo", "Facebook", "Public Domain", "", "facebook"]
- ["Google Logo", "Google", "Public Domain", "", "google"]
