==> Remplace par une bulle <==
- [x] ["IKTOS.ai", "", "", "DELETE", "iktos-drug-design"]
- [x] ["IMAGENET", "", "", "DELETE", "imagenet"]
- [x] ["AMAZON MECHANICAL TURK", "", "", "DELETE", "amazon-mechanical-turc"]
- [x] ["ANACONDA", "", "", "DELETE", "anaconda_logo"]
- [x] ["AWS", "", "", "DELETE", "aws-logo"]
- [x] ["BAD RABBIT", "", "", "DELETE", "bad-rabbit"]
- [x] ["CNIL", "", "", "DELETE", "cnil-logo"]
- [x] ["Minority Report", "", "", "DELETE", "minorit-report"]
- [x] ["OVH", "", "", "DELETE", "ovh-logo"]
- [x] ["PYTHON", "", "", "DELETE", "python_logo"]
- [x] ["RGPD", "", "", "DELETE", "rgpd"]
- [x] ["BAIDU", "", "", "DELETE", "Baidu"]

==> Remplace par du texte <==
- [x] ["IBM WATSON", "gagne Jeopardy", "", "DELETE", "jeopardy-watson"]
- [x] ["Présentateur JT", "n'est pas humain", "", "DELETE", "jt-chine"]
- [x] ["Le CEO Google, Sundar Pichai, répond à la question posé par le congrès Américain :", "Quand je demande des images d'abruti à mon téléphone, pourquoi est-ce que j'obtiens des images de Donald Trump ?", "", "DELETE", "google-ceo-congress"]
- [x] ["AMAZON", "favorise l'embauche des hommes", "", "DELETE", "amazon-ai-favor-men"]
- [x] ["La chine", "traque ses musulmans", "", "DELETE", "chine-musulmans-traque"]
- [x] ["Alexandre Robicquet", ", chercheur en intelligence artificielle, est l'égérie d'un parfum d'Yves Saint Laurent.", "", "DELETE", "data-scientist-star"]
- [x] ["OrCam", " : Lunettes pour aveugles", "", "DELETE", "lunettes-pour-aveugle"]
- [x] ["Le Deep Learning", "à besoin de GPU puissants en quantité", "", "DELETE", "gpu-fun"]

==> change image <==
- [x] ["Microsoft COCO: Common Objects in Context", "TY Lin et al.", "ArXiv", "ms-coco-2", "ms-coco"]
- [x] ["Neuron and myelinated axon, with signal flow", "Prof. Loc Vu-Quoc", "CC-BY-SA-4.0", "biological-neuron-arrow", "biological-neuron"]
- [x] ["Logo DARPA Launch Challenge", "DARPA", "Domaine public", "darpa-launch-challenge", "darpa-urban-challenge"]
- [x] ["Screenshot du jeu Foldit", "Animation Research Labs", "CC-BY-SA-3.0-DE", "foldit_screenshot", "foldit"]
- [x] ["Conditional generative adversarial nets for convolutional face generation", "Jon Gauthier", "foldl.me", "gan-faux-visages-2", "gan-faux-visages"]
- [x] ["Schéma d'une coupe longitudinale d’œil humain.", "https://de.wikipedia.org/wiki/Benutzer:Talos, ", "CC BY-SA 3.0", "oeil-humain", "oeil-coupe"]
- [x] ["Les aires visuelles V1, V2 et V3 situées sur la scissure calcarine, schéma inspiré de Wichmann et al Anatomy of the visual system, Eur Jour Radiol 49, 2004", "https://commons.wikimedia.org/wiki/User:Pancrat", "GNU Free Documentation License", "visual-cortex-wiki", "visual-cortex"]
- [x] ["", "", "licence Pixabay", "hourglass", "sablier-windows"]
- [x] ["", "", "licence Pixabay", "adn-exchange", "adn-data"]
- [x] ["", "", "licence Pixabay", "adn-exchange", "adn-big-data"]
- [x] ["", "", "licence Pixabay", "", "Machine-Learning-Cybersécurité"]
- [x] ["", "", "licence Pixabay", "informatique-ai", "it-ai"]
- [x] ["", "", "licence Pixabay", "chess-pixabay", "echec"]
- [x] ["", "", "licence Pixabay", "spaghetti-pixabay", "spaghetti"]
- [x] ["Passage pour piétons", "https://commons.wikimedia.org/wiki/User:Kingroyos", "CC BY-SA 3.0", "panneau-pieton", "chine-reco-face-fail"]


TIKZ
- [ ] ["", "refaire slides et aborder dimensionalité", "tikz", "TODO", "variables"]
- [ ] ["", "", "tikz", "TODO", "neuron-model"]
- [ ] ["", "", "tikz", "TODO", "nn-rnn-comparaison"]
- [ ] ["", "", "tikz", "TODO", "ia-ml-deep"]
- [ ] ["", "", "tikz", "TODO", "bayesian-net"]
- [ ] ["", "", "tikz", "TODO", "decision-tree-2"]
- [ ] ["", "", "tikz", "TODO", "deep-auto-encoder"]
- [ ] ["", "", "tikz", "TODO", "dropout-2"]
- [ ] ["", "", "tikz", "TODO", "graph-oriented"]
- [ ] ["", "", "tikz", "TODO", "gru"]
- [ ] ["", "", "tikz", "TODO", "multi-task-v2"]
- [ ] ["", "", "tikz", "TODO", "lstm-schema"]
- [ ] ["", "", "tikz", "TODO", "ml-craftmanship"]
- [ ] ["", "", "tikz", "TODO", "molecule-release"]
- [ ] ["", "", "notebook", "TODO", "convolution"]
- [ ] ["", "", "notebook", "TODO", "bidirectional-rnn"]
- [ ] ["", "", "notebook", "TODO", "pooling"]
- [ ] ["", "", "notebook", "TODO", "regression-tree"]
- [ ] ["", "", "notebook", "TODO", "learning-rate-big-small"]

MATPLOTLIB/TP
- [ ] ["", "", "nuage de mots en libre office du cul", "TODO", "data-science"]
- [ ] ["", "", "notebook", "TODO", "overfitting"]
- [ ] ["", "", "notebook", "TODO", "over-underfitting"]
3D
- [ ] ["", "", "notebook", "TODO", "batch-size-effect"]
- [ ] ["", "", "notebook", "TODO", "gradient-clipping"]
- [ ] ["", "", "notebook", "TODO", "regression-hyperplan"]
- [ ] ["", "", "notebook", "TODO", "gradient"]
- [ ] ["", "", "notebook", "TODO", "separable-problem-nonlinear"]
- [ ] ["", "", "notebook", "TODO", "separable-problem-nonlinear-solution"]
- [ ] ["", "", "notebook", "TODO", "separable-problem-nonlinear-kernelsvm"]

