actors/gafa.tex
big-questions/ethics.tex
big-questions/generic.tex
big-questions/legal.tex
engineering/engineering-practices.tex
machine-learning/apprentissage.tex
machine-learning/bonnes-pratiques.tex
machine-learning/data-preparation.tex
machine-learning/evaluation.tex
machine-learning/intro.tex
machine-learning/tp-data.tex
neural-networks/cnn-data.tex
neural-networks/cnn-keras.tex
neural-networks/cnn-model.tex
neural-networks/deep-optimize.tex
neural-networks/gan-intro.tex
neural-networks/gan-model.tex
neural-networks/gradient-descent.tex
neural-networks/intro.tex
neural-networks/lstm.tex
neural-networks/optimize.tex
neural-networks/regularisation.tex
neural-networks/rnn-keras.tex
neural-networks/rnn.tex
neural-networks/rnn-variants.tex
neural-networks/tp-cnn.tex
neural-networks/tp-rnn.tex
neural-networks/tp-rnn-text.tex
sectors/coding.tex
sectors/intro.tex
sectors/sante.tex
supervised/bayes-inference.tex
supervised/bayes-networks.tex
supervised/classification.tex
supervised/cost-error-function.tex
supervised/demo-random-forest.tex
supervised/demo-svm.tex
supervised/gaussian-mixture.tex
supervised/hmm.tex
supervised/markov-model.tex
supervised/modeles-graphiques.tex
supervised/naive-bayes.tex
supervised/optimisation.tex
supervised/proba-rappel.tex
supervised/random-forest.tex
supervised/regression-lineaire.tex
supervised/regression-logistique.tex
supervised/regression-polynomiale.tex
supervised/svm.tex
supervised/tp-random-forest.tex
supervised/tp-reg-lin-poly.tex
supervised/trees.tex
tools/anaconda.tex
tools/arXiv.tex
tools/cloud-computing.tex
tools/demo-spark-tf-keras-cnn.tex
tools/github.tex
tools/hadoop.tex
tools/kaggle.tex
tools/notebooks.tex
tools/python.tex
tools/spark.tex
tools/tp.tex
unsupervised/demo-dim-reduce.tex
unsupervised/dimensionality-reduction.tex
unsupervised/pca-lda.tex
unsupervised/tp-dim-reduce.tex
