==> Remplace par une bulle <==
- [x] ["IKTOS.ai", "", "", "DELETE", "iktos-drug-design"]
- [x] ["IMAGENET", "", "", "DELETE", "imagenet"]
- [x] ["AMAZON MECHANICAL TURK", "", "", "DELETE", "amazon-mechanical-turc"]
- [x] ["ANACONDA", "", "", "DELETE", "anaconda_logo"]
- [x] ["AWS", "", "", "DELETE", "aws-logo"]
- [x] ["BAD RABBIT", "", "", "DELETE", "bad-rabbit"]
- [x] ["CNIL", "", "", "DELETE", "cnil-logo"]
- [x] ["Minority Report", "", "", "DELETE", "minorit-report"]
- [x] ["OVH", "", "", "DELETE", "ovh-logo"]
- [x] ["PYTHON", "", "", "DELETE", "python_logo"]
- [x] ["RGPD", "", "", "DELETE", "rgpd"]
- [x] ["BAIDU", "", "", "DELETE", "Baidu"]

==> Remplace par du texte <==
- [x] ["IBM WATSON", "gagne Jeopardy", "", "DELETE", "jeopardy-watson"]
- [x] ["Présentateur JT", "n'est pas humain", "", "DELETE", "jt-chine"]
- [x] ["Le CEO Google, Sundar Pichai, répond à la question posé par le congrès Américain :", "Quand je demande des images d'abruti à mon téléphone, pourquoi est-ce que j'obtiens des images de Donald Trump ?", "", "DELETE", "google-ceo-congress"]
- [x] ["AMAZON", "favorise l'embauche des hommes", "", "DELETE", "amazon-ai-favor-men"]
- [x] ["La chine", "traque ses musulmans", "", "DELETE", "chine-musulmans-traque"]
- [x] ["Alexandre Robicquet", ", chercheur en intelligence artificielle, est l'égérie d'un parfum d'Yves Saint Laurent.", "", "DELETE", "data-scientist-star"]
- [x] ["OrCam", " : Lunettes pour aveugles", "", "DELETE", "lunettes-pour-aveugle"]
- [x] ["Le Deep Learning", "à besoin de GPU puissants, en quantité", "", "DELETE", "gpu-fun"]

==> change image <==
- [x] ["Microsoft COCO: Common Objects in Context", "TY Lin et al.", "ArXiv", "ms-coco-2", "ms-coco"]
- [x] ["Neuron and myelinated axon, with signal flow", "Prof. Loc Vu-Quoc", "CC-BY-SA-4.0", "biological-neuron-arrow", "biological-neuron"]
- [x] ["Logo DARPA Launch Challenge", "DARPA", "Domaine public", "darpa-launch-challenge", "darpa-urban-challenge"]
- [x] ["Screenshot du jeu Foldit", "Animation Research Labs", "CC-BY-SA-3.0-DE", "foldit_screenshot", "foldit"]
- [x] ["Conditional generative adversarial nets for convolutional face generation", "Jon Gauthier", "foldl.me", "gan-faux-visages-2", "gan-faux-visages"]
- [x] ["Schéma d'une coupe longitudinale d’œil humain.", "https://de.wikipedia.org/wiki/Benutzer:Talos, ", "CC BY-SA 3.0", "oeil-humain", "oeil-coupe"]
- [x] ["Les aires visuelles V1, V2 et V3 situées sur la scissure calcarine, schéma inspiré de Wichmann et al Anatomy of the visual system, Eur Jour Radiol 49, 2004", "https://commons.wikimedia.org/wiki/User:Pancrat", "GNU Free Documentation License", "visual-cortex-wiki", "visual-cortex"]
- [x] ["", "", "licence Pixabay", "hourglass", "sablier-windows"]
- [x] ["", "", "licence Pixabay", "adn-exchange", "adn-data"]
- [x] ["", "", "licence Pixabay", "adn-exchange", "adn-big-data"]
- [x] ["", "", "licence Pixabay", "", "Machine-Learning-Cybersécurité"]
- [x] ["", "", "licence Pixabay", "informatique-ai", "it-ai"]
- [x] ["", "", "licence Pixabay", "chess-pixabay", "echec"]
- [x] ["", "", "licence Pixabay", "spaghetti-pixabay", "spaghetti"]
- [x] ["Passage pour piétons", "https://commons.wikimedia.org/wiki/User:Kingroyos", "CC BY-SA 3.0", "panneau-pieton", "chine-reco-face-fail"]


TIKZ
- [ ] ["Schéma d'un réseau multi-tâches", "", "tikz", "neural-networks/multi-task", "multi-task-v2"]
- [ ] ["Flux opérationnel en Machine Learning", "", "tikz", "ml/craftmanship", "ml-craftmanship"]
- [ ] ["Intelligence Artificielle, Machine Learning et Deep Learning", "", "tikz", "ml/ia-ml-deep", "ia-ml-deep"]
- [ ] ["", "", "", "", "autoencoder-lstm"]
- [ ] ["", "", "", "", "autoencoder-schema"]
- [ ] ["", "", "", "", "autoencoder-sparse"]
- [ ] ["", "", "", "", "autoencoder-stacked"]
- [ ] ["", "", "", "", "autoencoder-variational"]
- [ ] ["", "", "", "", "alphago-mcts"]
- [ ] ["", "", "", "", "alphago-policy"]
- [ ] ["", "", "", "", "alphago-sedol"]
- [ ] ["", "", "", "", "alphago-value"]
- [ ] ["", "", "", "", "alphagozero-lerningcurve"]
- [ ] ["", "", "", "", "anomaly-modes"]
- [ ] ["", "", "", "", "autoencoder-denoising"]
- [ ] ["", "", "", "", "attention-model"]
- [ ] ["", "", "", "", "boxplot"]
- [ ] ["", "", "", "", "backpropagation"]
- [ ] ["", "", "", "", "cluster-2"]
- [ ] ["", "", "", "", "clustering"]
- [ ] ["", "", "", "", "clustering-clients-2"]
- [ ] ["", "", "", "", "clustering-methods-problems-illustration"]
- [ ] ["", "", "", "", "conceptualisation"]
- [ ] ["", "", "", "", "cosinus-similarity"]
- [ ] ["", "", "", "", "data-augmentation"]
- [ ] ["", "", "", "", "dbscan-1"]
- [ ] ["", "", "", "", "dbscan-2"]
- [ ] ["", "", "", "", "dbscan-3"]
- [ ] ["", "", "", "", "dbscan-4"]
- [ ] ["", "", "", "", "dbscan-5"]
- [ ] ["", "", "", "", "dbscan-6"]
- [ ] ["", "", "", "", "dbscan-7"]
- [ ] ["", "", "", "", "dbscan-8"]
- [ ] ["", "", "", "", "dbscan-9"]
- [ ] ["", "", "", "", "dendogram"]
- [ ] ["", "", "", "", "distances-euclidienne-manahattan-chebychev"]
- [ ] ["", "", "", "", "distplot-gaussian-nzmog"]
- [ ] ["", "", "", "", "dvc-model-sharing-digram"]
- [ ] ["", "", "", "", "fourier"]
- [ ] ["", "", "", "", "gaussian-mixture"]
- [ ] ["", "", "", "", "globe-libre"]
- [ ] ["", "", "", "", "gradient-descent"]
- [ ] ["", "", "", "", "hmm-model-weather"]
- [ ] ["", "", "", "", "hybrid-pca-hierarchical"]
- [ ] ["", "", "", "", "ia-landscape-2018"]
- [ ] ["", "", "", "", "ia-landscape-fr-2018-2"]
- [ ] ["", "", "", "", "information-extraction"]
- [ ] ["", "", "", "", "isolation-forest"]
- [ ] ["", "", "", "", "kurtosis"]
- [ ] ["", "", "", "", "lag-plot-linear"]
- [ ] ["", "", "", "", "lag-plot-sinusoidal"]
- [ ] ["", "", "", "", "lag-plot-uniform-noise"]
- [ ] ["", "", "", "", "lag-plot-white-noise"]
- [ ] ["", "", "", "", "lda"]
- [ ] ["", "", "", "", "linear-transformation"]
- [ ] ["", "", "", "", "markov"]
- [ ] ["", "", "", "", "negative-slope"]
- [ ] ["", "", "", "", "outlier-fish"]
- [ ] ["", "", "", "", "overfitting-nzmog"]
- [ ] ["", "", "", "", "overfitting-test-nzmog"]
- [ ] ["", "", "", "", "pareto"]
- [ ] ["", "", "", "", "parse-tree"]
- [ ] ["", "", "", "", "perceptron"]
- [ ] ["", "", "", "", "regression-1"]
- [ ] ["", "", "", "", "regression-10"]
- [ ] ["", "", "", "", "regression-2"]
- [ ] ["", "", "", "", "regression-3"]
- [ ] ["", "", "", "", "regression-4"]
- [ ] ["", "", "", "", "regression-5"]
- [ ] ["", "", "", "", "regression-6"]
- [ ] ["", "", "", "", "regression-7"]
- [ ] ["", "", "", "", "regression-8"]
- [ ] ["", "", "", "", "regression-9"]
- [ ] ["", "", "", "", "regression-error"]
- [ ] ["", "", "", "", "rl"]
- [ ] ["", "", "", "", "skew"]
- [ ] ["", "", "", "", "tf-idf"]
- [ ] ["", "", "", "", "time-serie-chronogramme"]
- [ ] ["", "", "", "", "time-serie-decomposition"]
- [ ] ["", "", "", "", "transformer-decoding-0"]
- [ ] ["", "", "", "", "transformer-decoding-112"]
- [ ] ["", "", "", "", "transformer-decoding-137"]
- [ ] ["", "", "", "", "transformer-decoding-14"]
- [ ] ["", "", "", "", "transformer-decoding-188"]
- [ ] ["", "", "", "", "transformer-decoding-207"]
- [ ] ["", "", "", "", "transformer-decoding-234"]
- [ ] ["", "", "", "", "transformer-decoding-306"]
- [ ] ["", "", "", "", "transformer-decoding-333"]
- [ ] ["", "", "", "", "transformer-decoding-38"]
- [ ] ["", "", "", "", "transformer-decoding-91"]
- [ ] ["", "", "", "", "transformer-decoding-init-0"]
- [ ] ["", "", "", "", "transformer-decoding-init-157"]
- [ ] ["", "", "", "", "transformer-fun"]
- [ ] ["", "", "", "", "transformer-network-1"]
- [ ] ["", "", "", "", "transformer-network-10"]
- [ ] ["", "", "", "", "transformer-network-11"]
- [ ] ["", "", "", "", "transformer-network-12"]
- [ ] ["", "", "", "", "transformer-network-13"]
- [ ] ["", "", "", "", "transformer-network-14"]
- [ ] ["", "", "", "", "transformer-network-15"]
- [ ] ["", "", "", "", "transformer-network-16"]
- [ ] ["", "", "", "", "transformer-network-17"]
- [ ] ["", "", "", "", "transformer-network-18"]
- [ ] ["", "", "", "", "transformer-network-19"]
- [ ] ["", "", "", "", "transformer-network-2"]
- [ ] ["", "", "", "", "transformer-network-3"]
- [ ] ["", "", "", "", "transformer-network-4"]
- [ ] ["", "", "", "", "transformer-network-5"]
- [ ] ["", "", "", "", "transformer-network-7"]
- [ ] ["", "", "", "", "transformer-network-8"]
- [ ] ["", "", "", "", "transformer-network-9"]
- [ ] ["", "", "", "", "transformer-network-self-attention"]
- [ ] ["", "", "", "", "tree-training-modes"]
- [ ] ["", "", "", "", "trends-ia-tektonik"]
- [ ] ["", "", "", "", "universal-approximation"]
- [ ] ["", "", "", "", "video-frames"]
- [ ] ["", "", "", "", "voronoi-airports"]
- [ ] ["", "", "", "", "voyageur-commerce"]
- [ ] ["", "", "", "", "word2vec"]
- [ ] ["", "", "", "", "word2vec-analogy"]
- [ ] ["", "", "", "", "wordnet-1"]


MATPLOTLIB/TP
- [ ] ["", "", "tikz", "TODO", "learning-rate-big-small"]
- [ ] ["", "", "tikz", "TODO", "molecule-release"]
- [x] ["Mise en évidence du surraprentissage", "", "", "overfitting-test-nzmog", "pouet trouver une place pouet"]
- [x] ["Loi normale et écart type", "Jhguch https://commons.wikimedia.org/w/index.php?curid=14524285", "CC BY-SA 2.5", "gaussian-std", "68-95-99,7"]
- [x] ["De l'ADN à la data", "National Human Genome Research Institute (NHGRI) from Bethesda, MD, USA https://commons.wikimedia.org/w/index.php?curid=52360110", "CC BY 2.0", "adn-2-data", "adn-data"]
- [x] ["Modélisation d'un brin d'ADN", "Ciencias Españolas https://commons.wikimedia.org/w/index.php?curid=34450317", "CC BY-SA 3.0", "adn", "adn-big-data"]
- [x] ["Alan Turing à 16 ans", "Unknown author https://commons.wikimedia.org/w/index.php?curid=22828488", "Public Domain", "", "alan-turing"]
- [x] ["Logo Amazon", "Amazon", "Public Domain", "logos/amazon", "amazon-ai-favor-men"]
- [x] ["Logo Amazon", "Amazon", "Public Domain", "logos/amazon", "amazon-mechanical-turc"]
- [x] ["Logo Atari", "Atari", "Public Domain", "logos/atari", "atari"]
- [x] ["Usine à anti-matière au CERN", "SimonWaldherr https://commons.wikimedia.org/w/index.php?curid=82438776", "CC BY-SA 4.0", "CERN-Antimatter-Factory", "usine-a-gaz"]
- [ ] ["", "", "", "", "auto-summary"]
- [ ] ["", "", "", "", "avion-intelligent"]
- [ ] ["", "", "", "", "bad-rabbit"]
- [ ] ["", "", "", "", "bourse-ny"]
- [ ] ["", "", "", "", "car-dashboard"]
- [ ] ["", "", "", "", "case-law-analytics"]
- [ ] ["", "", "", "", "chatbot"]
- [ ] ["", "", "", "", "chcp-us-crime-data"]
- [ ] ["", "", "", "", "chine-musulmans-traque"]
- [ ] ["", "", "", "", "chine-reco-face-fail"]
- [ ] ["", "", "", "", "chine-s-eveille"]
- [ ] ["", "", "", "", "cylance"]
- [ ] ["", "", "", "", "darpa-grand-challenge"]
- [ ] ["", "", "", "", "darpa-urban-challenge"]
- [ ] ["", "", "", "", "data-scientist-star"]
- [ ] ["", "", "", "", "dbpedia"]
- [ ] ["", "", "", "", "deepblue-kasparov"]
- [ ] ["", "", "", "", "deepinstinct-2"]
- [ ] ["", "", "", "", "deep-meme"]
- [ ] ["", "", "", "", "deep-moteur-recherche"]
- [ ] ["", "", "", "", "echec"]
- [ ] ["", "", "", "", "foldit"]
- [ ] ["", "", "", "", "foot-keeper-penalty"]
- [ ] ["", "", "", "", "gan-faux-visages"]
- [ ] ["", "", "", "", "gan-horse-zebra"]
- [ ] ["", "", "", "", "go"]
- [ ] ["", "", "", "", "googlebrain"]
- [ ] ["", "", "", "", "google-car"]
- [ ] ["", "", "", "", "google-ceo-congress"]
- [ ] ["", "", "", "", "go-regles"]
- [ ] ["", "", "", "", "go-winrate-dan"]
- [ ] ["", "", "", "", "gpu-fun"]
- [ ] ["", "", "", "", "hourglass"]
- [ ] ["", "", "", "", "id-locuteur"]
- [ ] ["", "", "", "", "iktos-drug-design"]
- [ ] ["", "", "", "", "imagenet"]
- [ ] ["", "", "", "", "it-ai"]
- [ ] ["", "", "", "", "jeopardy-watson"]
- [ ] ["", "", "", "", "jt-chine"]
- [ ] ["", "", "", "", "larousse"]
- [ ] ["", "", "", "", "lof"]
- [ ] ["", "", "", "", "lof-density"]
- [ ] ["", "", "", "", "logos"]
- [ ] ["", "", "", "", "lunettes-pour-aveugle"]
- [ ] ["", "", "", "", "Machine-Learning-Cybersécurité"]
- [ ] ["", "", "", "", "memoire-fun"]
- [ ] ["", "", "", "", "minorit-report"]
- [ ] ["", "", "", "", "ms-coco"]
- [ ] ["", "", "", "", "mythe-du-golem"]
- [ ] ["", "", "", "", "named-entity-recognition"]
- [ ] ["", "", "", "", "nlp-tech-resume"]
- [ ] ["", "", "", "", "nlp-tech-resume-2019"]
- [ ] ["", "", "", "", "normal"]
- [ ] ["", "", "", "", "oeil-coupe"]
- [ ] ["", "", "", "", "old"]
- [ ] ["", "", "", "", "openai-gpt2-example"]
- [ ] ["", "", "", "", "poker-bots"]
- [ ] ["", "", "", "", "positional-encoding"]
- [ ] ["", "", "", "", "positive-slope"]
- [ ] ["", "", "", "", "pos-tagging"]
- [ ] ["", "", "", "", "processus-non-stationnaires"]
- [ ] ["", "", "", "", "rail-detect-defauts"]
- [ ] ["", "", "", "", "rgpd"]
- [ ] ["", "", "", "", "rnn-seq2seq"]
- [ ] ["", "", "", "", "roc"]
- [ ] ["", "", "", "", "sentiment-analysis"]
- [ ] ["", "", "", "", "smart-assistants"]
- [ ] ["", "", "", "", "spaghetti"]
- [ ] ["", "", "", "", "tableau-contingence"]
- [ ] ["", "", "", "", "tensorflow"]
- [ ] ["", "", "", "", "tesla-autopilot"]
- [ ] ["", "", "", "", "traduction-fr-en-short"]
- [ ] ["", "", "", "", "train-aiguillage"]
- [ ] ["", "", "", "", "uber-crash-velo"]
- [ ] ["", "", "", "", "visual-cortex"]
- [ ] ["", "", "", "", "voiture-autonome"]
- [ ] ["", "", "", "", "voiture-autonome-acteurs"]
- [ ] ["", "", "", "", "voiture-autonome-changements"]
- [ ] ["", "", "", "", "voiture-autonome-conducteur"]
- [ ] ["", "", "", "", "voiture-autonome-navya"]
- [ ] ["", "", "", "", "waymo-one"]
- [ ] ["", "", "", "", "zipf-law"]
- [ ] ["", "", "", "", "zo"]
